// #macro TESTMACRO(a, b)
// Log(d:a, d:b);
// #endmacro
