// #macro TESTMACRO
// Log(s:"in this article all the names have been changed");
// Log(s:"except Keijo's");
// #endmacro

Log(s:"in this article all the names have been changed");
Log(s:"except Keijo's");
Log(s:"in this article all the names have been changed");
Log(s:"except Keijo's");