// #define makro(_name) print "my name is " + #_name

print "my name is " + "gustav"
